[0m

                               [35m‹[1m‹[45m‹‹[40m‹[0;35m‹[37m                [35m‹[1m‹‹‹‹‹‹[0;35m‹[37m
           [35m‹[1;45m‹≤[40m€[45m‹[40m‹[0;35m‹‹[1;45m‹[40m€€€[45m‹[40m‹[0;35m‹[37m     [1;35m€[45mANetMRC‹[40m‹[0;35m‹[37m         [35m‹[1;45m‹[40m€[45mANetMRC≤‹[40m‹[0m
         [35m‹[1;45m‹[40m€€€€[45mANetMRC[40m€€€€[0;35m€[37m    [1;35m€€€€€ﬂﬂ€€[45m≤[40m€[45m‹[40m‹[0m     [35m‹[1;45m‹[40m€€€[47m‹[40m€€€€[47m≤‹[40m€€ﬂ[0m
        [1;35;41m±[45m≤[37;40m€€[35;47m≤[45mﬂ[0;35mﬂ[1;45mﬂ[40m€[37;45m‹[40m€[35m€€[45mﬂ[0m [1;35;45mﬂ[40m€[37;45m‹[40m€[35m€[0m   [1;35mﬁ[37m€[47m‹[40m€[35m€‹[0m  [1;35mﬂ€[37;45m‹[40m€€[0m›   [1;35mﬁ€[37;45m‹[40m€€[35m€ﬂ[0m    [1;35mﬂﬂ€[0m
       [1m€€€€€[0m›   [1;47mﬁ[40m€€€[0m›   [1;47mﬁ[40m€€€[0m›   [1;47mﬁ[40m€€€€[35m  [37m‹€€€€[0m›    [1;47mﬁ[40m€€€€[35m
[0m       ﬁ[1m€€€€[47m›[0m   [1;47mﬁ[40m€€€›[0m   [1;47mﬁ[40m€€€[47m›[0m   [1;47mﬁ[40m€€€€€€€€€€[0m‹    ﬁ[1m€€€€€[47m›[0m
        [1;47mﬁ[40m€€€€[0m   [1m€€€€[0m›   [1m€€€€[0m›   ﬁ[1m€€€€€ﬂ[47mﬂ[40m€€€€‹[0m    €[1m€€€€€[47m‹[0m‹
        ﬁ[1m€€€€[0m›  ﬁ[1m€€[47m›[0m    ﬁ[1m€€€[0m›   ﬁ[1m€€€€€[0m› [1mﬂ€€€€€[0m‹   ﬂ[1;47mﬁ[40m€€€€€€€€€€€€[0m
        ﬁ[1;47m    [0m   ﬁ[1;47m   [0m    ﬁ[1;47m   [0m    ﬁ[1;47m    [0mﬂ    ﬂ€[1;47m    [0m     ﬂﬂﬂﬂ[1;47m V1.4  [0m



